nohup: ignoring input
Base:    /mnt/data/mocheng/dataset/redcaps4m/hashann/index/index_40_300_arbi_0_1_random_32_edgeFT
Colored: /mnt/data/mocheng/dataset/redcaps4m/hashann/index/index_40_300_arbi_0_1_random_32_edgeFT_colored
Query:   /mnt/data/mocheng/dataset/redcaps4m/label/arbi_0_1_random/predicate_arbi_0_1_[0.1,9].json
GT:      /mnt/data/mocheng/dataset/redcaps4m/label/arbi_0_1_random/gt_arbi_0_1_[0.1,9].json

===== STAGE 1: BASELINE (uncolored edge-FT 32) =====
K: 10
query shape: (10000, 512)
sorting for label
Legacy AND-only predicate detected
name: HNSW
Loading index: HNSW...
index path: /mnt/data/mocheng/dataset/redcaps4m/hashann/index/index_40_300_arbi_0_1_random_32_edgeFT
SSE is supported.
AVX2 is supported.
AVX512 is supported.
attr_size_per_item_:2, max_elements_:4000000
counting_hash_table_mapping_size:2
cht 0 vec:0, 3117, 6252, 9382, 12494, 15624, 18740, 21866, 24984, 28102, 31213, 34344, 37458, 40590, 43715, 46844, 49986, 53118, 56241, 59355, 62493, 65620, 68750, 71872, 74993, 78123, 81255, 84369, 87482, 90621, 93761, 96895, 
cht 1 vec:0, 1, 2, 3, 4, 5, 6, 7, 8, 9, 10, 11, 12, 13, 14, 15, 16, 17, 18, 19, -1, -1, -1, -1, -1, -1, -1, -1, -1, -1, -1, -1, 
index loaded
Generating attribute indexes ...
Number of attributes: 2
Attribute 0: numerical
Attribute 1: categorical
Attribute indexes generated.
Index loaded: HNSW, duration: 11.736615180969238.
start query
set marker flag: True
set ft_routing flag to 1
set ft_routing_min_deg to 0
index ef_search: 1  ef_top: 1  ft_routing_min_deg: 0
query size: 1000
Query time: 0.05456900596618652 seconds, QPS:18325.420855561235, cmps:246.027
ef search: 1, recall: 0.0206
set marker flag: True
set ft_routing flag to 1
set ft_routing_min_deg to 0
index ef_search: 5  ef_top: 1  ft_routing_min_deg: 0
query size: 1000
Query time: 0.15729308128356934 seconds, QPS:6357.558716757486, cmps:441.004
ef search: 5, recall: 0.2038
set marker flag: True
set ft_routing flag to 1
set ft_routing_min_deg to 0
index ef_search: 10  ef_top: 1  ft_routing_min_deg: 0
query size: 1000
Query time: 0.3325979709625244 seconds, QPS:3006.632894079427, cmps:676.18
ef search: 10, recall: 0.3661
set marker flag: True
set ft_routing flag to 1
set ft_routing_min_deg to 0
index ef_search: 20  ef_top: 1  ft_routing_min_deg: 0
query size: 1000
Query time: 0.6386134624481201 seconds, QPS:1565.8924510712743, cmps:1192.565
ef search: 20, recall: 0.5434
set marker flag: True
set ft_routing flag to 1
set ft_routing_min_deg to 0
index ef_search: 50  ef_top: 1  ft_routing_min_deg: 0
query size: 1000
Query time: 1.8190586566925049 seconds, QPS:549.7348842055734, cmps:3198.266
ef search: 50, recall: 0.7459
set marker flag: True
set ft_routing flag to 1
set ft_routing_min_deg to 0
index ef_search: 100  ef_top: 1  ft_routing_min_deg: 0
query size: 1000
Query time: 4.064699649810791 seconds, QPS:246.02063772326926, cmps:7589.939
ef search: 100, recall: 0.8255
set marker flag: True
set ft_routing flag to 1
set ft_routing_min_deg to 0
index ef_search: 200  ef_top: 1  ft_routing_min_deg: 0
query size: 1000
Query time: 9.699394702911377 seconds, QPS:103.09921707793161, cmps:18357.388
ef search: 200, recall: 0.8629
set marker flag: True
set ft_routing flag to 1
set ft_routing_min_deg to 0
index ef_search: 500  ef_top: 1  ft_routing_min_deg: 0
query size: 1000
Query time: 27.150981426239014 seconds, QPS:36.83108114219358, cmps:56699.192
ef search: 500, recall: 0.8840
Final results (ef_search, recall, QPS, cmps):
[1, np.float64(0.0206), 18325.420855561235, 246.027]
[5, np.float64(0.2038), 6357.558716757486, 441.004]
[10, np.float64(0.3661), 3006.632894079427, 676.18]
[20, np.float64(0.5434), 1565.8924510712743, 1192.565]
[50, np.float64(0.7459), 549.7348842055734, 3198.266]
[100, np.float64(0.8255), 246.02063772326926, 7589.939]
[200, np.float64(0.8629), 103.09921707793161, 18357.388]
[500, np.float64(0.884), 36.83108114219358, 56699.192]

===== STAGE 2: COLORING =====
name: HNSW
Loading index: HNSW...
index path: /mnt/data/mocheng/dataset/redcaps4m/hashann/index/index_40_300_arbi_0_1_random_32_edgeFT
SSE is supported.
AVX2 is supported.
AVX512 is supported.
attr_size_per_item_:2, max_elements_:4000000
counting_hash_table_mapping_size:2
cht 0 vec:0, 3117, 6252, 9382, 12494, 15624, 18740, 21866, 24984, 28102, 31213, 34344, 37458, 40590, 43715, 46844, 49986, 53118, 56241, 59355, 62493, 65620, 68750, 71872, 74993, 78123, 81255, 84369, 87482, 90621, 93761, 96895, 
cht 1 vec:0, 1, 2, 3, 4, 5, 6, 7, 8, 9, 10, 11, 12, 13, 14, 15, 16, 17, 18, 19, -1, -1, -1, -1, -1, -1, -1, -1, -1, -1, -1, -1, 
index loaded
Generating attribute indexes ...
Number of attributes: 2
Attribute 0: numerical
Attribute 1: categorical
Attribute indexes generated.
Index loaded: HNSW, duration: 11.885663509368896.
Coloring K=1 ...
color_all_ft_bits: N=4000000, attrs=2, ft_bytes=4, total_bits=64, K=1
  bit (attr=0,b=0): seeds=0, unreach_qual=56, flipped=255, 3.18s
  color_ft_bit(attr=0,bit=1,K=1): 13 unreachable could not be repaired (disconnected components)
  bit (attr=0,b=1): seeds=260, unreach_qual=820, flipped=1834, 3.38s
  color_ft_bit(attr=0,bit=2,K=1): 22 unreachable could not be repaired (disconnected components)
  bit (attr=0,b=2): seeds=238, unreach_qual=819, flipped=1783, 3.24s
  color_ft_bit(attr=0,bit=3,K=1): 21 unreachable could not be repaired (disconnected components)
  bit (attr=0,b=3): seeds=268, unreach_qual=867, flipped=1896, 3.00s
  color_ft_bit(attr=0,bit=4,K=1): 21 unreachable could not be repaired (disconnected components)
  bit (attr=0,b=4): seeds=243, unreach_qual=856, flipped=1897, 2.95s
  color_ft_bit(attr=0,bit=5,K=1): 16 unreachable could not be repaired (disconnected components)
  bit (attr=0,b=5): seeds=239, unreach_qual=922, flipped=2007, 2.93s
  color_ft_bit(attr=0,bit=6,K=1): 21 unreachable could not be repaired (disconnected components)
  bit (attr=0,b=6): seeds=250, unreach_qual=937, flipped=2039, 2.88s
  color_ft_bit(attr=0,bit=7,K=1): 15 unreachable could not be repaired (disconnected components)
  bit (attr=0,b=7): seeds=264, unreach_qual=934, flipped=2089, 2.88s
  color_ft_bit(attr=0,bit=8,K=1): 14 unreachable could not be repaired (disconnected components)
  bit (attr=0,b=8): seeds=271, unreach_qual=976, flipped=2183, 2.88s
  color_ft_bit(attr=0,bit=9,K=1): 24 unreachable could not be repaired (disconnected components)
  bit (attr=0,b=9): seeds=246, unreach_qual=935, flipped=2077, 2.88s
  color_ft_bit(attr=0,bit=10,K=1): 25 unreachable could not be repaired (disconnected components)
  bit (attr=0,b=10): seeds=244, unreach_qual=957, flipped=2075, 2.94s
  color_ft_bit(attr=0,bit=11,K=1): 20 unreachable could not be repaired (disconnected components)
  bit (attr=0,b=11): seeds=248, unreach_qual=985, flipped=2200, 2.96s
  color_ft_bit(attr=0,bit=12,K=1): 17 unreachable could not be repaired (disconnected components)
  bit (attr=0,b=12): seeds=264, unreach_qual=925, flipped=2015, 2.95s
  color_ft_bit(attr=0,bit=13,K=1): 18 unreachable could not be repaired (disconnected components)
  bit (attr=0,b=13): seeds=234, unreach_qual=973, flipped=2166, 2.95s
  color_ft_bit(attr=0,bit=14,K=1): 16 unreachable could not be repaired (disconnected components)
  bit (attr=0,b=14): seeds=233, unreach_qual=1034, flipped=2283, 2.95s
  color_ft_bit(attr=0,bit=15,K=1): 15 unreachable could not be repaired (disconnected components)
  bit (attr=0,b=15): seeds=252, unreach_qual=998, flipped=2204, 2.94s
  color_ft_bit(attr=0,bit=16,K=1): 22 unreachable could not be repaired (disconnected components)
  bit (attr=0,b=16): seeds=222, unreach_qual=968, flipped=2131, 2.95s
  color_ft_bit(attr=0,bit=17,K=1): 15 unreachable could not be repaired (disconnected components)
  bit (attr=0,b=17): seeds=233, unreach_qual=952, flipped=2069, 2.95s
  color_ft_bit(attr=0,bit=18,K=1): 20 unreachable could not be repaired (disconnected components)
  bit (attr=0,b=18): seeds=265, unreach_qual=1007, flipped=2229, 2.95s
  color_ft_bit(attr=0,bit=19,K=1): 32 unreachable could not be repaired (disconnected components)
  bit (attr=0,b=19): seeds=263, unreach_qual=1025, flipped=2271, 2.94s
  color_ft_bit(attr=0,bit=20,K=1): 23 unreachable could not be repaired (disconnected components)
  bit (attr=0,b=20): seeds=249, unreach_qual=999, flipped=2208, 2.95s
  color_ft_bit(attr=0,bit=21,K=1): 25 unreachable could not be repaired (disconnected components)
  bit (attr=0,b=21): seeds=264, unreach_qual=972, flipped=2116, 2.96s
  color_ft_bit(attr=0,bit=22,K=1): 23 unreachable could not be repaired (disconnected components)
  bit (attr=0,b=22): seeds=231, unreach_qual=880, flipped=1927, 2.95s
  color_ft_bit(attr=0,bit=23,K=1): 14 unreachable could not be repaired (disconnected components)
  bit (attr=0,b=23): seeds=235, unreach_qual=994, flipped=2219, 2.96s
  color_ft_bit(attr=0,bit=24,K=1): 27 unreachable could not be repaired (disconnected components)
  bit (attr=0,b=24): seeds=230, unreach_qual=1001, flipped=2177, 2.96s
  color_ft_bit(attr=0,bit=25,K=1): 24 unreachable could not be repaired (disconnected components)
  bit (attr=0,b=25): seeds=242, unreach_qual=980, flipped=2194, 2.96s
  color_ft_bit(attr=0,bit=26,K=1): 23 unreachable could not be repaired (disconnected components)
  bit (attr=0,b=26): seeds=241, unreach_qual=969, flipped=2140, 2.96s
  color_ft_bit(attr=0,bit=27,K=1): 15 unreachable could not be repaired (disconnected components)
  bit (attr=0,b=27): seeds=253, unreach_qual=963, flipped=2156, 2.96s
  color_ft_bit(attr=0,bit=28,K=1): 14 unreachable could not be repaired (disconnected components)
  bit (attr=0,b=28): seeds=241, unreach_qual=923, flipped=2049, 2.96s
  color_ft_bit(attr=0,bit=29,K=1): 15 unreachable could not be repaired (disconnected components)
  bit (attr=0,b=29): seeds=257, unreach_qual=864, flipped=1881, 2.96s
  color_ft_bit(attr=0,bit=30,K=1): 22 unreachable could not be repaired (disconnected components)
  bit (attr=0,b=30): seeds=259, unreach_qual=882, flipped=1901, 2.97s
  color_ft_bit(attr=0,bit=31,K=1): 31 unreachable could not be repaired (disconnected components)
  bit (attr=0,b=31): seeds=237, unreach_qual=853, flipped=1869, 2.96s
  color_ft_bit(attr=1,bit=0,K=1): 645 unreachable could not be repaired (disconnected components)
  bit (attr=1,b=0): seeds=7945, unreach_qual=645, flipped=0, 3.02s
  color_ft_bit(attr=1,bit=1,K=1): 581 unreachable could not be repaired (disconnected components)
  bit (attr=1,b=1): seeds=7131, unreach_qual=611, flipped=32, 3.18s
  color_ft_bit(attr=1,bit=2,K=1): 524 unreachable could not be repaired (disconnected components)
  bit (attr=1,b=2): seeds=6421, unreach_qual=592, flipped=82, 3.32s
  color_ft_bit(attr=1,bit=3,K=1): 443 unreachable could not be repaired (disconnected components)
  bit (attr=1,b=3): seeds=5542, unreach_qual=559, flipped=143, 3.47s
  color_ft_bit(attr=1,bit=4,K=1): 386 unreachable could not be repaired (disconnected components)
  bit (attr=1,b=4): seeds=4752, unreach_qual=521, flipped=164, 3.63s
  color_ft_bit(attr=1,bit=5,K=1): 336 unreachable could not be repaired (disconnected components)
  bit (attr=1,b=5): seeds=3967, unreach_qual=516, flipped=234, 3.83s
  color_ft_bit(attr=1,bit=6,K=1): 276 unreachable could not be repaired (disconnected components)
  bit (attr=1,b=6): seeds=3170, unreach_qual=514, flipped=320, 3.88s
  color_ft_bit(attr=1,bit=7,K=1): 193 unreachable could not be repaired (disconnected components)
  bit (attr=1,b=7): seeds=2355, unreach_qual=480, flipped=427, 3.70s
  color_ft_bit(attr=1,bit=8,K=1): 124 unreachable could not be repaired (disconnected components)
  bit (attr=1,b=8): seeds=1544, unreach_qual=483, flipped=602, 3.53s
  color_ft_bit(attr=1,bit=9,K=1): 62 unreachable could not be repaired (disconnected components)
  bit (attr=1,b=9): seeds=825, unreach_qual=603, flipped=987, 3.32s
  color_ft_bit(attr=1,bit=10,K=1): 55 unreachable could not be repaired (disconnected components)
  bit (attr=1,b=10): seeds=725, unreach_qual=619, flipped=1089, 3.30s
  color_ft_bit(attr=1,bit=11,K=1): 49 unreachable could not be repaired (disconnected components)
  bit (attr=1,b=11): seeds=651, unreach_qual=683, flipped=1219, 3.26s
  color_ft_bit(attr=1,bit=12,K=1): 44 unreachable could not be repaired (disconnected components)
  bit (attr=1,b=12): seeds=593, unreach_qual=698, flipped=1272, 3.22s
  color_ft_bit(attr=1,bit=13,K=1): 43 unreachable could not be repaired (disconnected components)
  bit (attr=1,b=13): seeds=501, unreach_qual=750, flipped=1416, 3.19s
  color_ft_bit(attr=1,bit=14,K=1): 30 unreachable could not be repaired (disconnected components)
  bit (attr=1,b=14): seeds=397, unreach_qual=782, flipped=1516, 3.14s
  color_ft_bit(attr=1,bit=15,K=1): 28 unreachable could not be repaired (disconnected components)
  bit (attr=1,b=15): seeds=304, unreach_qual=940, flipped=1930, 3.05s
  color_ft_bit(attr=1,bit=16,K=1): 26 unreachable could not be repaired (disconnected components)
  bit (attr=1,b=16): seeds=246, unreach_qual=1087, flipped=2413, 2.97s
  color_ft_bit(attr=1,bit=17,K=1): 16 unreachable could not be repaired (disconnected components)
  bit (attr=1,b=17): seeds=178, unreach_qual=1568, flipped=3779, 2.89s
  color_ft_bit(attr=1,bit=18,K=1): 9 unreachable could not be repaired (disconnected components)
  bit (attr=1,b=18): seeds=78, unreach_qual=4436, flipped=11789, 2.78s
  bit (attr=1,b=19): seeds=9, unreach_qual=4054, flipped=16346, 2.60s
  bit (attr=1,b=20): seeds=0, unreach_qual=0, flipped=0, 0.40s
  bit (attr=1,b=21): seeds=0, unreach_qual=0, flipped=0, 0.41s
  bit (attr=1,b=22): seeds=0, unreach_qual=0, flipped=0, 0.40s
  bit (attr=1,b=23): seeds=0, unreach_qual=0, flipped=0, 0.40s
  bit (attr=1,b=24): seeds=0, unreach_qual=0, flipped=0, 0.41s
  bit (attr=1,b=25): seeds=0, unreach_qual=0, flipped=0, 0.40s
  bit (attr=1,b=26): seeds=0, unreach_qual=0, flipped=0, 0.41s
  bit (attr=1,b=27): seeds=0, unreach_qual=0, flipped=0, 0.40s
  bit (attr=1,b=28): seeds=0, unreach_qual=0, flipped=0, 0.41s
  bit (attr=1,b=29): seeds=0, unreach_qual=0, flipped=0, 0.41s
  bit (attr=1,b=30): seeds=0, unreach_qual=0, flipped=0, 0.39s
  bit (attr=1,b=31): seeds=0, unreach_qual=0, flipped=0, 0.41s
color_all_ft_bits: done in 165.3s. total unreach=50367, total bits flipped=110300
Coloring done 165.3s, total flipped=110300
Saved.

===== STAGE 3: COLORED QUERY =====
K: 10
query shape: (10000, 512)
sorting for label
Legacy AND-only predicate detected
name: HNSW
Loading index: HNSW...
index path: /mnt/data/mocheng/dataset/redcaps4m/hashann/index/index_40_300_arbi_0_1_random_32_edgeFT_colored
SSE is supported.
AVX2 is supported.
AVX512 is supported.
attr_size_per_item_:2, max_elements_:4000000
counting_hash_table_mapping_size:2
cht 0 vec:0, 3117, 6252, 9382, 12494, 15624, 18740, 21866, 24984, 28102, 31213, 34344, 37458, 40590, 43715, 46844, 49986, 53118, 56241, 59355, 62493, 65620, 68750, 71872, 74993, 78123, 81255, 84369, 87482, 90621, 93761, 96895, 
cht 1 vec:0, 1, 2, 3, 4, 5, 6, 7, 8, 9, 10, 11, 12, 13, 14, 15, 16, 17, 18, 19, -1, -1, -1, -1, -1, -1, -1, -1, -1, -1, -1, -1, 
index loaded
Generating attribute indexes ...
Number of attributes: 2
Attribute 0: numerical
Attribute 1: categorical
Attribute indexes generated.
Index loaded: HNSW, duration: 11.233131647109985.
start query
set marker flag: True
set ft_routing flag to 1
set ft_routing_min_deg to 0
index ef_search: 1  ef_top: 1  ft_routing_min_deg: 0
query size: 1000
Query time: 0.05310535430908203 seconds, QPS:18830.492951423184, cmps:246.157
ef search: 1, recall: 0.0208
set marker flag: True
set ft_routing flag to 1
set ft_routing_min_deg to 0
index ef_search: 5  ef_top: 1  ft_routing_min_deg: 0
query size: 1000
Query time: 0.15398216247558594 seconds, QPS:6494.258711027982, cmps:441.022
ef search: 5, recall: 0.2038
set marker flag: True
set ft_routing flag to 1
set ft_routing_min_deg to 0
index ef_search: 10  ef_top: 1  ft_routing_min_deg: 0
query size: 1000
Query time: 0.3102264404296875 seconds, QPS:3223.4518715262407, cmps:676.641
ef search: 10, recall: 0.3667
set marker flag: True
set ft_routing flag to 1
set ft_routing_min_deg to 0
index ef_search: 20  ef_top: 1  ft_routing_min_deg: 0
query size: 1000
Query time: 0.6303787231445312 seconds, QPS:1586.3479576399395, cmps:1193.871
ef search: 20, recall: 0.5449
set marker flag: True
set ft_routing flag to 1
set ft_routing_min_deg to 0
index ef_search: 50  ef_top: 1  ft_routing_min_deg: 0
query size: 1000
Query time: 1.7793493270874023 seconds, QPS:562.0031911535265, cmps:3200.725
ef search: 50, recall: 0.7475
set marker flag: True
set ft_routing flag to 1
set ft_routing_min_deg to 0
index ef_search: 100  ef_top: 1  ft_routing_min_deg: 0
query size: 1000
Query time: 4.0925939083099365 seconds, QPS:244.3438128492344, cmps:7596.763
ef search: 100, recall: 0.8261
set marker flag: True
set ft_routing flag to 1
set ft_routing_min_deg to 0
index ef_search: 200  ef_top: 1  ft_routing_min_deg: 0
query size: 1000
Query time: 9.679102897644043 seconds, QPS:103.31535996413537, cmps:18378.948
ef search: 200, recall: 0.8640
set marker flag: True
set ft_routing flag to 1
set ft_routing_min_deg to 0
index ef_search: 500  ef_top: 1  ft_routing_min_deg: 0
query size: 1000
Query time: 27.083290100097656 seconds, QPS:36.92313586362959, cmps:56740.528
ef search: 500, recall: 0.8850
Final results (ef_search, recall, QPS, cmps):
[1, np.float64(0.0208), 18830.492951423184, 246.157]
[5, np.float64(0.2038), 6494.258711027982, 441.022]
[10, np.float64(0.3667), 3223.4518715262407, 676.641]
[20, np.float64(0.5449), 1586.3479576399395, 1193.871]
[50, np.float64(0.7475), 562.0031911535265, 3200.725]
[100, np.float64(0.8261), 244.3438128492344, 7596.763]
[200, np.float64(0.864), 103.31535996413537, 18378.948]
[500, np.float64(0.885), 36.92313586362959, 56740.528]

===== Summary =====
Baseline:
Query time: 0.05456900596618652 seconds, QPS:18325.420855561235, cmps:246.027
Query time: 0.15729308128356934 seconds, QPS:6357.558716757486, cmps:441.004
Query time: 0.3325979709625244 seconds, QPS:3006.632894079427, cmps:676.18
Query time: 0.6386134624481201 seconds, QPS:1565.8924510712743, cmps:1192.565
Query time: 1.8190586566925049 seconds, QPS:549.7348842055734, cmps:3198.266
Query time: 4.064699649810791 seconds, QPS:246.02063772326926, cmps:7589.939
Query time: 9.699394702911377 seconds, QPS:103.09921707793161, cmps:18357.388
Query time: 27.150981426239014 seconds, QPS:36.83108114219358, cmps:56699.192
----
Colored:
Query time: 0.05310535430908203 seconds, QPS:18830.492951423184, cmps:246.157
Query time: 0.15398216247558594 seconds, QPS:6494.258711027982, cmps:441.022
Query time: 0.3102264404296875 seconds, QPS:3223.4518715262407, cmps:676.641
Query time: 0.6303787231445312 seconds, QPS:1586.3479576399395, cmps:1193.871
Query time: 1.7793493270874023 seconds, QPS:562.0031911535265, cmps:3200.725
Query time: 4.0925939083099365 seconds, QPS:244.3438128492344, cmps:7596.763
Query time: 9.679102897644043 seconds, QPS:103.31535996413537, cmps:18378.948
Query time: 27.083290100097656 seconds, QPS:36.92313586362959, cmps:56740.528
