
===== Baseline density =====
[BASE] edges=114635318 cap_per_edge=32
[BASE] attr[0]: total_bits=476937539  mean=4.1605  density=13.0015%
[BASE] attr[1]: total_bits=933183951  mean=8.1405  density=25.4389%

===== Color K=2 =====
name: HNSW
Loading index: HNSW...
index path: /mnt/data/mocheng/dataset/redcaps4m/hashann/index/index_40_300_arbi_0_1_random_32_edgeFT
SSE is supported.
AVX2 is supported.
AVX512 is supported.
attr_size_per_item_:2, max_elements_:4000000
counting_hash_table_mapping_size:2
cht 0 vec:0, 3117, 6252, 9382, 12494, 15624, 18740, 21866, 24984, 28102, 31213, 34344, 37458, 40590, 43715, 46844, 49986, 53118, 56241, 59355, 62493, 65620, 68750, 71872, 74993, 78123, 81255, 84369, 87482, 90621, 93761, 96895, 
cht 1 vec:0, 1, 2, 3, 4, 5, 6, 7, 8, 9, 10, 11, 12, 13, 14, 15, 16, 17, 18, 19, -1, -1, -1, -1, -1, -1, -1, -1, -1, -1, -1, -1, 
index loaded
Generating attribute indexes ...
Number of attributes: 2
Attribute 0: numerical
Attribute 1: categorical
Attribute indexes generated.
Index loaded: HNSW, duration: 11.825562477111816.
Coloring K=2 ...
color_all_ft_bits: N=4000000, attrs=2, ft_bytes=4, total_bits=64, K=2
  bit (attr=0,b=0): seeds=0, unreach_qual=56, flipped=548, 5.38s
  color_ft_bit(attr=0,bit=1,K=2): 178 unreachable could not be repaired (disconnected components)
  bit (attr=0,b=1): seeds=260, unreach_qual=820, flipped=3399, 4.75s
  color_ft_bit(attr=0,bit=2,K=2): 172 unreachable could not be repaired (disconnected components)
  bit (attr=0,b=2): seeds=238, unreach_qual=819, flipped=3331, 4.64s
  color_ft_bit(attr=0,bit=3,K=2): 194 unreachable could not be repaired (disconnected components)
  bit (attr=0,b=3): seeds=268, unreach_qual=867, flipped=3560, 4.45s
  color_ft_bit(attr=0,bit=4,K=2): 186 unreachable could not be repaired (disconnected components)
  bit (attr=0,b=4): seeds=243, unreach_qual=856, flipped=3492, 4.47s
  color_ft_bit(attr=0,bit=5,K=2): 204 unreachable could not be repaired (disconnected components)
  bit (attr=0,b=5): seeds=239, unreach_qual=922, flipped=3749, 4.40s
  color_ft_bit(attr=0,bit=6,K=2): 199 unreachable could not be repaired (disconnected components)
  bit (attr=0,b=6): seeds=250, unreach_qual=937, flipped=3781, 4.28s
  color_ft_bit(attr=0,bit=7,K=2): 171 unreachable could not be repaired (disconnected components)
  bit (attr=0,b=7): seeds=264, unreach_qual=934, flipped=3940, 4.26s
  color_ft_bit(attr=0,bit=8,K=2): 204 unreachable could not be repaired (disconnected components)
  bit (attr=0,b=8): seeds=271, unreach_qual=976, flipped=4035, 4.29s
  color_ft_bit(attr=0,bit=9,K=2): 188 unreachable could not be repaired (disconnected components)
  bit (attr=0,b=9): seeds=246, unreach_qual=935, flipped=3878, 4.25s
  color_ft_bit(attr=0,bit=10,K=2): 227 unreachable could not be repaired (disconnected components)
  bit (attr=0,b=10): seeds=244, unreach_qual=957, flipped=3832, 4.30s
  color_ft_bit(attr=0,bit=11,K=2): 191 unreachable could not be repaired (disconnected components)
  bit (attr=0,b=11): seeds=248, unreach_qual=985, flipped=4093, 4.23s
  color_ft_bit(attr=0,bit=12,K=2): 212 unreachable could not be repaired (disconnected components)
  bit (attr=0,b=12): seeds=264, unreach_qual=925, flipped=3733, 4.24s
  color_ft_bit(attr=0,bit=13,K=2): 192 unreachable could not be repaired (disconnected components)
  bit (attr=0,b=13): seeds=234, unreach_qual=973, flipped=4061, 4.16s
  color_ft_bit(attr=0,bit=14,K=2): 216 unreachable could not be repaired (disconnected components)
  bit (attr=0,b=14): seeds=233, unreach_qual=1034, flipped=4220, 4.20s
  color_ft_bit(attr=0,bit=15,K=2): 201 unreachable could not be repaired (disconnected components)
  bit (attr=0,b=15): seeds=252, unreach_qual=998, flipped=4117, 4.14s
  color_ft_bit(attr=0,bit=16,K=2): 196 unreachable could not be repaired (disconnected components)
  bit (attr=0,b=16): seeds=222, unreach_qual=968, flipped=3987, 4.19s
  color_ft_bit(attr=0,bit=17,K=2): 171 unreachable could not be repaired (disconnected components)
  bit (attr=0,b=17): seeds=233, unreach_qual=952, flipped=3981, 4.14s
  color_ft_bit(attr=0,bit=18,K=2): 213 unreachable could not be repaired (disconnected components)
  bit (attr=0,b=18): seeds=265, unreach_qual=1007, flipped=4116, 4.19s
  color_ft_bit(attr=0,bit=19,K=2): 215 unreachable could not be repaired (disconnected components)
  bit (attr=0,b=19): seeds=263, unreach_qual=1025, flipped=4211, 4.15s
  color_ft_bit(attr=0,bit=20,K=2): 203 unreachable could not be repaired (disconnected components)
  bit (attr=0,b=20): seeds=249, unreach_qual=999, flipped=4117, 4.17s
  color_ft_bit(attr=0,bit=21,K=2): 204 unreachable could not be repaired (disconnected components)
  bit (attr=0,b=21): seeds=264, unreach_qual=972, flipped=3982, 4.15s
  color_ft_bit(attr=0,bit=22,K=2): 193 unreachable could not be repaired (disconnected components)
  bit (attr=0,b=22): seeds=231, unreach_qual=880, flipped=3609, 4.15s
  color_ft_bit(attr=0,bit=23,K=2): 230 unreachable could not be repaired (disconnected components)
  bit (attr=0,b=23): seeds=235, unreach_qual=994, flipped=4043, 4.20s
  color_ft_bit(attr=0,bit=24,K=2): 207 unreachable could not be repaired (disconnected components)
  bit (attr=0,b=24): seeds=230, unreach_qual=1001, flipped=4089, 4.15s
  color_ft_bit(attr=0,bit=25,K=2): 209 unreachable could not be repaired (disconnected components)
  bit (attr=0,b=25): seeds=242, unreach_qual=980, flipped=4076, 4.21s
  color_ft_bit(attr=0,bit=26,K=2): 194 unreachable could not be repaired (disconnected components)
  bit (attr=0,b=26): seeds=241, unreach_qual=969, flipped=3999, 4.15s
  color_ft_bit(attr=0,bit=27,K=2): 193 unreachable could not be repaired (disconnected components)
  bit (attr=0,b=27): seeds=253, unreach_qual=963, flipped=3981, 4.20s
  color_ft_bit(attr=0,bit=28,K=2): 193 unreachable could not be repaired (disconnected components)
  bit (attr=0,b=28): seeds=241, unreach_qual=923, flipped=3790, 4.15s
  color_ft_bit(attr=0,bit=29,K=2): 184 unreachable could not be repaired (disconnected components)
  bit (attr=0,b=29): seeds=257, unreach_qual=864, flipped=3525, 4.19s
  color_ft_bit(attr=0,bit=30,K=2): 183 unreachable could not be repaired (disconnected components)
  bit (attr=0,b=30): seeds=259, unreach_qual=882, flipped=3561, 4.21s
  color_ft_bit(attr=0,bit=31,K=2): 175 unreachable could not be repaired (disconnected components)
  bit (attr=0,b=31): seeds=237, unreach_qual=853, flipped=3516, 4.14s
  color_ft_bit(attr=1,bit=0,K=2): 645 unreachable could not be repaired (disconnected components)
  bit (attr=1,b=0): seeds=7945, unreach_qual=645, flipped=0, 3.82s
  color_ft_bit(attr=1,bit=1,K=2): 611 unreachable could not be repaired (disconnected components)
  bit (attr=1,b=1): seeds=7131, unreach_qual=611, flipped=32, 4.09s
  color_ft_bit(attr=1,bit=2,K=2): 591 unreachable could not be repaired (disconnected components)
  bit (attr=1,b=2): seeds=6421, unreach_qual=592, flipped=83, 4.14s
  color_ft_bit(attr=1,bit=3,K=2): 550 unreachable could not be repaired (disconnected components)
  bit (attr=1,b=3): seeds=5542, unreach_qual=559, flipped=156, 4.41s
  color_ft_bit(attr=1,bit=4,K=2): 505 unreachable could not be repaired (disconnected components)
  bit (attr=1,b=4): seeds=4752, unreach_qual=521, flipped=187, 4.53s
  color_ft_bit(attr=1,bit=5,K=2): 485 unreachable could not be repaired (disconnected components)
  bit (attr=1,b=5): seeds=3967, unreach_qual=516, flipped=277, 4.75s
  color_ft_bit(attr=1,bit=6,K=2): 470 unreachable could not be repaired (disconnected components)
  bit (attr=1,b=6): seeds=3170, unreach_qual=514, flipped=394, 4.80s
  color_ft_bit(attr=1,bit=7,K=2): 394 unreachable could not be repaired (disconnected components)
  bit (attr=1,b=7): seeds=2355, unreach_qual=480, flipped=576, 4.73s
  color_ft_bit(attr=1,bit=8,K=2): 345 unreachable could not be repaired (disconnected components)
  bit (attr=1,b=8): seeds=1544, unreach_qual=483, flipped=864, 4.58s
  color_ft_bit(attr=1,bit=9,K=2): 333 unreachable could not be repaired (disconnected components)
  bit (attr=1,b=9): seeds=825, unreach_qual=603, flipped=1538, 4.40s
  color_ft_bit(attr=1,bit=10,K=2): 293 unreachable could not be repaired (disconnected components)
  bit (attr=1,b=10): seeds=725, unreach_qual=619, flipped=1759, 4.49s
  color_ft_bit(attr=1,bit=11,K=2): 318 unreachable could not be repaired (disconnected components)
  bit (attr=1,b=11): seeds=651, unreach_qual=683, flipped=2015, 4.41s
  color_ft_bit(attr=1,bit=12,K=2): 280 unreachable could not be repaired (disconnected components)
  bit (attr=1,b=12): seeds=593, unreach_qual=698, flipped=2183, 4.39s
  color_ft_bit(attr=1,bit=13,K=2): 287 unreachable could not be repaired (disconnected components)
  bit (attr=1,b=13): seeds=501, unreach_qual=750, flipped=2416, 4.41s
  color_ft_bit(attr=1,bit=14,K=2): 249 unreachable could not be repaired (disconnected components)
  bit (attr=1,b=14): seeds=397, unreach_qual=782, flipped=2705, 4.37s
  color_ft_bit(attr=1,bit=15,K=2): 283 unreachable could not be repaired (disconnected components)
  bit (attr=1,b=15): seeds=304, unreach_qual=940, flipped=3452, 4.31s
  color_ft_bit(attr=1,bit=16,K=2): 236 unreachable could not be repaired (disconnected components)
  bit (attr=1,b=16): seeds=246, unreach_qual=1087, flipped=4449, 4.23s
  color_ft_bit(attr=1,bit=17,K=2): 178 unreachable could not be repaired (disconnected components)
  bit (attr=1,b=17): seeds=178, unreach_qual=1568, flipped=7291, 4.27s
  color_ft_bit(attr=1,bit=18,K=2): 117 unreachable could not be repaired (disconnected components)
  bit (attr=1,b=18): seeds=78, unreach_qual=4436, flipped=23509, 4.23s
  color_ft_bit(attr=1,bit=19,K=2): 10 unreachable could not be repaired (disconnected components)
  bit (attr=1,b=19): seeds=9, unreach_qual=4054, flipped=35483, 4.11s
  bit (attr=1,b=20): seeds=0, unreach_qual=0, flipped=0, 0.38s
  bit (attr=1,b=21): seeds=0, unreach_qual=0, flipped=0, 0.38s
  bit (attr=1,b=22): seeds=0, unreach_qual=0, flipped=0, 0.38s
  bit (attr=1,b=23): seeds=0, unreach_qual=0, flipped=0, 0.38s
  bit (attr=1,b=24): seeds=0, unreach_qual=0, flipped=0, 0.38s
  bit (attr=1,b=25): seeds=0, unreach_qual=0, flipped=0, 0.38s
  bit (attr=1,b=26): seeds=0, unreach_qual=0, flipped=0, 0.38s
  bit (attr=1,b=27): seeds=0, unreach_qual=0, flipped=0, 0.38s
  bit (attr=1,b=28): seeds=0, unreach_qual=0, flipped=0, 0.38s
  bit (attr=1,b=29): seeds=0, unreach_qual=0, flipped=0, 0.38s
  bit (attr=1,b=30): seeds=0, unreach_qual=0, flipped=0, 0.38s
  bit (attr=1,b=31): seeds=0, unreach_qual=0, flipped=0, 0.38s
color_all_ft_bits: done in 229.2s. total unreach=50367, total bits flipped=209721
K=2 coloring done 229.2s flipped=209721
Saved.

===== K=2 density =====
[K=2] edges=114635318 cap_per_edge=32
[K=2] attr[0]: total_bits=477057891  mean=4.1615  density=13.0048%
[K=2] attr[1]: total_bits=933273320  mean=8.1412  density=25.4414%

===== K=2 query =====
K: 10
query shape: (10000, 512)
sorting for label
Legacy AND-only predicate detected
name: HNSW
Loading index: HNSW...
index path: /mnt/data/mocheng/dataset/redcaps4m/hashann/index/index_40_300_arbi_0_1_random_32_edgeFT_coloredK2
SSE is supported.
AVX2 is supported.
AVX512 is supported.
attr_size_per_item_:2, max_elements_:4000000
counting_hash_table_mapping_size:2
cht 0 vec:0, 3117, 6252, 9382, 12494, 15624, 18740, 21866, 24984, 28102, 31213, 34344, 37458, 40590, 43715, 46844, 49986, 53118, 56241, 59355, 62493, 65620, 68750, 71872, 74993, 78123, 81255, 84369, 87482, 90621, 93761, 96895, 
cht 1 vec:0, 1, 2, 3, 4, 5, 6, 7, 8, 9, 10, 11, 12, 13, 14, 15, 16, 17, 18, 19, -1, -1, -1, -1, -1, -1, -1, -1, -1, -1, -1, -1, 
index loaded
Generating attribute indexes ...
Number of attributes: 2
Attribute 0: numerical
Attribute 1: categorical
Attribute indexes generated.
Index loaded: HNSW, duration: 11.285742998123169.
start query
set marker flag: True
set ft_routing flag to 1
set ft_routing_min_deg to 0
index ef_search: 1  ef_top: 1  ft_routing_min_deg: 0
query size: 1000
Query time: 0.048911333084106445 seconds, QPS:20445.159371968668, cmps:246.228
ef search: 1, recall: 0.0209
set marker flag: True
set ft_routing flag to 1
set ft_routing_min_deg to 0
index ef_search: 5  ef_top: 1  ft_routing_min_deg: 0
query size: 1000
Query time: 0.15705585479736328 seconds, QPS:6367.161550839482, cmps:441.223
ef search: 5, recall: 0.2042
set marker flag: True
set ft_routing flag to 1
set ft_routing_min_deg to 0
index ef_search: 10  ef_top: 1  ft_routing_min_deg: 0
query size: 1000
Query time: 0.3189871311187744 seconds, QPS:3134.922705165969, cmps:677.179
ef search: 10, recall: 0.3673
set marker flag: True
set ft_routing flag to 1
set ft_routing_min_deg to 0
index ef_search: 20  ef_top: 1  ft_routing_min_deg: 0
query size: 1000
Query time: 0.6520125865936279 seconds, QPS:1533.712723590807, cmps:1193.844
ef search: 20, recall: 0.5457
set marker flag: True
set ft_routing flag to 1
set ft_routing_min_deg to 0
index ef_search: 50  ef_top: 1  ft_routing_min_deg: 0
query size: 1000
Query time: 1.8043453693389893 seconds, QPS:554.2176220766115, cmps:3204.325
ef search: 50, recall: 0.7489
set marker flag: True
set ft_routing flag to 1
set ft_routing_min_deg to 0
index ef_search: 100  ef_top: 1  ft_routing_min_deg: 0
query size: 1000
Query time: 4.0524468421936035 seconds, QPS:246.76449536317583, cmps:7603.266
ef search: 100, recall: 0.8270
set marker flag: True
set ft_routing flag to 1
set ft_routing_min_deg to 0
index ef_search: 200  ef_top: 1  ft_routing_min_deg: 0
query size: 1000
Query time: 9.729489803314209 seconds, QPS:102.78031224816789, cmps:18394.35
ef search: 200, recall: 0.8644
set marker flag: True
set ft_routing flag to 1
set ft_routing_min_deg to 0
index ef_search: 500  ef_top: 1  ft_routing_min_deg: 0
query size: 1000
Query time: 27.294578790664673 seconds, QPS:36.63731203435978, cmps:56772.849
ef search: 500, recall: 0.8854
Final results (ef_search, recall, QPS, cmps):
[1, np.float64(0.0209), 20445.159371968668, 246.228]
[5, np.float64(0.2042), 6367.161550839482, 441.223]
[10, np.float64(0.3673), 3134.922705165969, 677.179]
[20, np.float64(0.5457), 1533.712723590807, 1193.844]
[50, np.float64(0.7489), 554.2176220766115, 3204.325]
[100, np.float64(0.827), 246.76449536317583, 7603.266]
[200, np.float64(0.8644), 102.78031224816789, 18394.35]
[500, np.float64(0.8854), 36.63731203435978, 56772.849]

===== Color K=4 =====
name: HNSW
Loading index: HNSW...
index path: /mnt/data/mocheng/dataset/redcaps4m/hashann/index/index_40_300_arbi_0_1_random_32_edgeFT
SSE is supported.
AVX2 is supported.
AVX512 is supported.
attr_size_per_item_:2, max_elements_:4000000
counting_hash_table_mapping_size:2
cht 0 vec:0, 3117, 6252, 9382, 12494, 15624, 18740, 21866, 24984, 28102, 31213, 34344, 37458, 40590, 43715, 46844, 49986, 53118, 56241, 59355, 62493, 65620, 68750, 71872, 74993, 78123, 81255, 84369, 87482, 90621, 93761, 96895, 
cht 1 vec:0, 1, 2, 3, 4, 5, 6, 7, 8, 9, 10, 11, 12, 13, 14, 15, 16, 17, 18, 19, -1, -1, -1, -1, -1, -1, -1, -1, -1, -1, -1, -1, 
index loaded
Generating attribute indexes ...
Number of attributes: 2
Attribute 0: numerical
Attribute 1: categorical
Attribute indexes generated.
Index loaded: HNSW, duration: 11.645103931427002.
Coloring K=4 ...
color_all_ft_bits: N=4000000, attrs=2, ft_bytes=4, total_bits=64, K=4
  bit (attr=0,b=0): seeds=0, unreach_qual=56, flipped=1189, 8.75s
  color_ft_bit(attr=0,bit=1,K=4): 420 unreachable could not be repaired (disconnected components)
  bit (attr=0,b=1): seeds=260, unreach_qual=820, flipped=5742, 7.33s
  color_ft_bit(attr=0,bit=2,K=4): 420 unreachable could not be repaired (disconnected components)
  bit (attr=0,b=2): seeds=238, unreach_qual=819, flipped=5593, 7.30s
  color_ft_bit(attr=0,bit=3,K=4): 447 unreachable could not be repaired (disconnected components)
  bit (attr=0,b=3): seeds=268, unreach_qual=867, flipped=5991, 7.18s
  color_ft_bit(attr=0,bit=4,K=4): 444 unreachable could not be repaired (disconnected components)
  bit (attr=0,b=4): seeds=243, unreach_qual=856, flipped=5850, 6.93s
  color_ft_bit(attr=0,bit=5,K=4): 479 unreachable could not be repaired (disconnected components)
  bit (attr=0,b=5): seeds=239, unreach_qual=922, flipped=6275, 6.83s
  color_ft_bit(attr=0,bit=6,K=4): 498 unreachable could not be repaired (disconnected components)
  bit (attr=0,b=6): seeds=250, unreach_qual=937, flipped=6320, 6.79s
  color_ft_bit(attr=0,bit=7,K=4): 452 unreachable could not be repaired (disconnected components)
  bit (attr=0,b=7): seeds=264, unreach_qual=934, flipped=6690, 6.72s
  color_ft_bit(attr=0,bit=8,K=4): 464 unreachable could not be repaired (disconnected components)
  bit (attr=0,b=8): seeds=271, unreach_qual=976, flipped=6884, 6.73s
  color_ft_bit(attr=0,bit=9,K=4): 451 unreachable could not be repaired (disconnected components)
  bit (attr=0,b=9): seeds=246, unreach_qual=935, flipped=6570, 6.73s
  color_ft_bit(attr=0,bit=10,K=4): 515 unreachable could not be repaired (disconnected components)
  bit (attr=0,b=10): seeds=244, unreach_qual=957, flipped=6408, 6.88s
  color_ft_bit(attr=0,bit=11,K=4): 487 unreachable could not be repaired (disconnected components)
  bit (attr=0,b=11): seeds=248, unreach_qual=985, flipped=6890, 6.79s
  color_ft_bit(attr=0,bit=12,K=4): 481 unreachable could not be repaired (disconnected components)
  bit (attr=0,b=12): seeds=264, unreach_qual=925, flipped=6295, 6.79s
  color_ft_bit(attr=0,bit=13,K=4): 483 unreachable could not be repaired (disconnected components)
  bit (attr=0,b=13): seeds=234, unreach_qual=973, flipped=6876, 6.73s
  color_ft_bit(attr=0,bit=14,K=4): 512 unreachable could not be repaired (disconnected components)
  bit (attr=0,b=14): seeds=233, unreach_qual=1034, flipped=7176, 6.93s
  color_ft_bit(attr=0,bit=15,K=4): 477 unreachable could not be repaired (disconnected components)
  bit (attr=0,b=15): seeds=252, unreach_qual=998, flipped=6978, 6.96s
  color_ft_bit(attr=0,bit=16,K=4): 498 unreachable could not be repaired (disconnected components)
  bit (attr=0,b=16): seeds=222, unreach_qual=968, flipped=6712, 6.77s
  color_ft_bit(attr=0,bit=17,K=4): 491 unreachable could not be repaired (disconnected components)
  bit (attr=0,b=17): seeds=233, unreach_qual=952, flipped=6631, 6.81s
  color_ft_bit(attr=0,bit=18,K=4): 520 unreachable could not be repaired (disconnected components)
  bit (attr=0,b=18): seeds=265, unreach_qual=1007, flipped=6819, 6.78s
  color_ft_bit(attr=0,bit=19,K=4): 509 unreachable could not be repaired (disconnected components)
  bit (attr=0,b=19): seeds=263, unreach_qual=1025, flipped=7083, 6.77s
  color_ft_bit(attr=0,bit=20,K=4): 487 unreachable could not be repaired (disconnected components)
  bit (attr=0,b=20): seeds=249, unreach_qual=999, flipped=7028, 7.00s
  color_ft_bit(attr=0,bit=21,K=4): 476 unreachable could not be repaired (disconnected components)
  bit (attr=0,b=21): seeds=264, unreach_qual=972, flipped=6786, 6.96s
  color_ft_bit(attr=0,bit=22,K=4): 471 unreachable could not be repaired (disconnected components)
  bit (attr=0,b=22): seeds=231, unreach_qual=880, flipped=5994, 7.05s
  color_ft_bit(attr=0,bit=23,K=4): 500 unreachable could not be repaired (disconnected components)
  bit (attr=0,b=23): seeds=235, unreach_qual=994, flipped=6746, 6.79s
  color_ft_bit(attr=0,bit=24,K=4): 495 unreachable could not be repaired (disconnected components)
  bit (attr=0,b=24): seeds=230, unreach_qual=1001, flipped=6952, 6.78s
  color_ft_bit(attr=0,bit=25,K=4): 487 unreachable could not be repaired (disconnected components)
  bit (attr=0,b=25): seeds=242, unreach_qual=980, flipped=6867, 6.75s
  color_ft_bit(attr=0,bit=26,K=4): 504 unreachable could not be repaired (disconnected components)
  bit (attr=0,b=26): seeds=241, unreach_qual=969, flipped=6638, 6.73s
  color_ft_bit(attr=0,bit=27,K=4): 476 unreachable could not be repaired (disconnected components)
  bit (attr=0,b=27): seeds=253, unreach_qual=963, flipped=6766, 6.72s
  color_ft_bit(attr=0,bit=28,K=4): 453 unreachable could not be repaired (disconnected components)
  bit (attr=0,b=28): seeds=241, unreach_qual=923, flipped=6469, 6.80s
  color_ft_bit(attr=0,bit=29,K=4): 453 unreachable could not be repaired (disconnected components)
  bit (attr=0,b=29): seeds=257, unreach_qual=864, flipped=5881, 6.72s
  color_ft_bit(attr=0,bit=30,K=4): 487 unreachable could not be repaired (disconnected components)
  bit (attr=0,b=30): seeds=259, unreach_qual=882, flipped=5877, 6.75s
  color_ft_bit(attr=0,bit=31,K=4): 432 unreachable could not be repaired (disconnected components)
  bit (attr=0,b=31): seeds=237, unreach_qual=853, flipped=5943, 6.78s
  color_ft_bit(attr=1,bit=0,K=4): 645 unreachable could not be repaired (disconnected components)
  bit (attr=1,b=0): seeds=7945, unreach_qual=645, flipped=0, 5.59s
  color_ft_bit(attr=1,bit=1,K=4): 611 unreachable could not be repaired (disconnected components)
  bit (attr=1,b=1): seeds=7131, unreach_qual=611, flipped=32, 5.79s
  color_ft_bit(attr=1,bit=2,K=4): 592 unreachable could not be repaired (disconnected components)
  bit (attr=1,b=2): seeds=6421, unreach_qual=592, flipped=83, 5.98s
  color_ft_bit(attr=1,bit=3,K=4): 559 unreachable could not be repaired (disconnected components)
  bit (attr=1,b=3): seeds=5542, unreach_qual=559, flipped=158, 6.17s
  color_ft_bit(attr=1,bit=4,K=4): 521 unreachable could not be repaired (disconnected components)
  bit (attr=1,b=4): seeds=4752, unreach_qual=521, flipped=192, 6.39s
  color_ft_bit(attr=1,bit=5,K=4): 516 unreachable could not be repaired (disconnected components)
  bit (attr=1,b=5): seeds=3967, unreach_qual=516, flipped=277, 6.64s
  color_ft_bit(attr=1,bit=6,K=4): 514 unreachable could not be repaired (disconnected components)
  bit (attr=1,b=6): seeds=3170, unreach_qual=514, flipped=411, 6.70s
  color_ft_bit(attr=1,bit=7,K=4): 475 unreachable could not be repaired (disconnected components)
  bit (attr=1,b=7): seeds=2355, unreach_qual=480, flipped=643, 6.70s
  color_ft_bit(attr=1,bit=8,K=4): 468 unreachable could not be repaired (disconnected components)
  bit (attr=1,b=8): seeds=1544, unreach_qual=483, flipped=993, 6.59s
  color_ft_bit(attr=1,bit=9,K=4): 537 unreachable could not be repaired (disconnected components)
  bit (attr=1,b=9): seeds=825, unreach_qual=603, flipped=1962, 6.64s
  color_ft_bit(attr=1,bit=10,K=4): 527 unreachable could not be repaired (disconnected components)
  bit (attr=1,b=10): seeds=725, unreach_qual=619, flipped=2350, 6.58s
  color_ft_bit(attr=1,bit=11,K=4): 576 unreachable could not be repaired (disconnected components)
  bit (attr=1,b=11): seeds=651, unreach_qual=683, flipped=2671, 6.78s
  color_ft_bit(attr=1,bit=12,K=4): 547 unreachable could not be repaired (disconnected components)
  bit (attr=1,b=12): seeds=593, unreach_qual=698, flipped=3113, 6.88s
  color_ft_bit(attr=1,bit=13,K=4): 576 unreachable could not be repaired (disconnected components)
  bit (attr=1,b=13): seeds=501, unreach_qual=750, flipped=3454, 6.70s
  color_ft_bit(attr=1,bit=14,K=4): 551 unreachable could not be repaired (disconnected components)
  bit (attr=1,b=14): seeds=397, unreach_qual=782, flipped=4058, 6.72s
  color_ft_bit(attr=1,bit=15,K=4): 574 unreachable could not be repaired (disconnected components)
  bit (attr=1,b=15): seeds=304, unreach_qual=940, flipped=5493, 6.79s
  color_ft_bit(attr=1,bit=16,K=4): 546 unreachable could not be repaired (disconnected components)
  bit (attr=1,b=16): seeds=246, unreach_qual=1087, flipped=7491, 6.84s
  color_ft_bit(attr=1,bit=17,K=4): 469 unreachable could not be repaired (disconnected components)
  bit (attr=1,b=17): seeds=178, unreach_qual=1568, flipped=13400, 6.91s
  color_ft_bit(attr=1,bit=18,K=4): 439 unreachable could not be repaired (disconnected components)
  bit (attr=1,b=18): seeds=78, unreach_qual=4436, flipped=46401, 7.15s
  color_ft_bit(attr=1,bit=19,K=4): 54 unreachable could not be repaired (disconnected components)
  bit (attr=1,b=19): seeds=9, unreach_qual=4054, flipped=79084, 7.14s
  bit (attr=1,b=20): seeds=0, unreach_qual=0, flipped=0, 0.38s
  bit (attr=1,b=21): seeds=0, unreach_qual=0, flipped=0, 0.38s
  bit (attr=1,b=22): seeds=0, unreach_qual=0, flipped=0, 0.38s
  bit (attr=1,b=23): seeds=0, unreach_qual=0, flipped=0, 0.38s
  bit (attr=1,b=24): seeds=0, unreach_qual=0, flipped=0, 0.38s
  bit (attr=1,b=25): seeds=0, unreach_qual=0, flipped=0, 0.38s
  bit (attr=1,b=26): seeds=0, unreach_qual=0, flipped=0, 0.38s
  bit (attr=1,b=27): seeds=0, unreach_qual=0, flipped=0, 0.38s
  bit (attr=1,b=28): seeds=0, unreach_qual=0, flipped=0, 0.38s
  bit (attr=1,b=29): seeds=0, unreach_qual=0, flipped=0, 0.38s
  bit (attr=1,b=30): seeds=0, unreach_qual=0, flipped=0, 0.38s
  bit (attr=1,b=31): seeds=0, unreach_qual=0, flipped=0, 0.38s
color_all_ft_bits: done in 357.5s. total unreach=50367, total bits flipped=375185
K=4 coloring done 357.5s flipped=375185
Saved.

===== K=4 density =====
[K=4] edges=114635318 cap_per_edge=32
[K=4] attr[0]: total_bits=477140458  mean=4.1622  density=13.0070%
[K=4] attr[1]: total_bits=933356217  mean=8.1420  density=25.4436%

===== K=4 query =====
K: 10
query shape: (10000, 512)
sorting for label
Legacy AND-only predicate detected
name: HNSW
Loading index: HNSW...
index path: /mnt/data/mocheng/dataset/redcaps4m/hashann/index/index_40_300_arbi_0_1_random_32_edgeFT_coloredK4
SSE is supported.
AVX2 is supported.
AVX512 is supported.
attr_size_per_item_:2, max_elements_:4000000
counting_hash_table_mapping_size:2
cht 0 vec:0, 3117, 6252, 9382, 12494, 15624, 18740, 21866, 24984, 28102, 31213, 34344, 37458, 40590, 43715, 46844, 49986, 53118, 56241, 59355, 62493, 65620, 68750, 71872, 74993, 78123, 81255, 84369, 87482, 90621, 93761, 96895, 
cht 1 vec:0, 1, 2, 3, 4, 5, 6, 7, 8, 9, 10, 11, 12, 13, 14, 15, 16, 17, 18, 19, -1, -1, -1, -1, -1, -1, -1, -1, -1, -1, -1, -1, 
index loaded
Generating attribute indexes ...
Number of attributes: 2
Attribute 0: numerical
Attribute 1: categorical
Attribute indexes generated.
Index loaded: HNSW, duration: 11.272134065628052.
start query
set marker flag: True
set ft_routing flag to 1
set ft_routing_min_deg to 0
index ef_search: 1  ef_top: 1  ft_routing_min_deg: 0
query size: 1000
Query time: 0.04887747764587402 seconds, QPS:20459.32090123752, cmps:246.235
ef search: 1, recall: 0.0209
set marker flag: True
set ft_routing flag to 1
set ft_routing_min_deg to 0
index ef_search: 5  ef_top: 1  ft_routing_min_deg: 0
query size: 1000
Query time: 0.1581566333770752 seconds, QPS:6322.845767814314, cmps:441.506
ef search: 5, recall: 0.2046
set marker flag: True
set ft_routing flag to 1
set ft_routing_min_deg to 0
index ef_search: 10  ef_top: 1  ft_routing_min_deg: 0
query size: 1000
Query time: 0.3135707378387451 seconds, QPS:3189.0730840906895, cmps:677.597
ef search: 10, recall: 0.3672
set marker flag: True
set ft_routing flag to 1
set ft_routing_min_deg to 0
index ef_search: 20  ef_top: 1  ft_routing_min_deg: 0
query size: 1000
Query time: 0.6269545555114746 seconds, QPS:1595.0119370042569, cmps:1194.348
ef search: 20, recall: 0.5458
set marker flag: True
set ft_routing flag to 1
set ft_routing_min_deg to 0
index ef_search: 50  ef_top: 1  ft_routing_min_deg: 0
query size: 1000
Query time: 1.788400650024414 seconds, QPS:559.1588215908715, cmps:3206.893
ef search: 50, recall: 0.7488
set marker flag: True
set ft_routing flag to 1
set ft_routing_min_deg to 0
index ef_search: 100  ef_top: 1  ft_routing_min_deg: 0
query size: 1000
Query time: 4.11822247505188 seconds, QPS:242.8232097847998, cmps:7612.729
ef search: 100, recall: 0.8273
set marker flag: True
set ft_routing flag to 1
set ft_routing_min_deg to 0
index ef_search: 200  ef_top: 1  ft_routing_min_deg: 0
query size: 1000
Query time: 9.61924934387207 seconds, QPS:103.95821589104025, cmps:18414.407
ef search: 200, recall: 0.8646
set marker flag: True
set ft_routing flag to 1
set ft_routing_min_deg to 0
index ef_search: 500  ef_top: 1  ft_routing_min_deg: 0
query size: 1000
Query time: 26.845276832580566 seconds, QPS:37.2505005717191, cmps:56816.156
ef search: 500, recall: 0.8859
Final results (ef_search, recall, QPS, cmps):
[1, np.float64(0.0209), 20459.32090123752, 246.235]
[5, np.float64(0.2046), 6322.845767814314, 441.506]
[10, np.float64(0.3672), 3189.0730840906895, 677.597]
[20, np.float64(0.5458), 1595.0119370042569, 1194.348]
[50, np.float64(0.7488), 559.1588215908715, 3206.893]
[100, np.float64(0.8273), 242.8232097847998, 7612.729]
[200, np.float64(0.8646), 103.95821589104025, 18414.407]
[500, np.float64(0.8859), 37.2505005717191, 56816.156]

===== Summary =====
---- baseline ----
Query time: 0.05456900596618652 seconds, QPS:18325.420855561235, cmps:246.027
Query time: 0.15729308128356934 seconds, QPS:6357.558716757486, cmps:441.004
Query time: 0.3325979709625244 seconds, QPS:3006.632894079427, cmps:676.18
Query time: 0.6386134624481201 seconds, QPS:1565.8924510712743, cmps:1192.565
Query time: 1.8190586566925049 seconds, QPS:549.7348842055734, cmps:3198.266
Query time: 4.064699649810791 seconds, QPS:246.02063772326926, cmps:7589.939
Query time: 9.699394702911377 seconds, QPS:103.09921707793161, cmps:18357.388
Query time: 27.150981426239014 seconds, QPS:36.83108114219358, cmps:56699.192
---- colored ----
Query time: 0.05310535430908203 seconds, QPS:18830.492951423184, cmps:246.157
Query time: 0.15398216247558594 seconds, QPS:6494.258711027982, cmps:441.022
Query time: 0.3102264404296875 seconds, QPS:3223.4518715262407, cmps:676.641
Query time: 0.6303787231445312 seconds, QPS:1586.3479576399395, cmps:1193.871
Query time: 1.7793493270874023 seconds, QPS:562.0031911535265, cmps:3200.725
Query time: 4.0925939083099365 seconds, QPS:244.3438128492344, cmps:7596.763
Query time: 9.679102897644043 seconds, QPS:103.31535996413537, cmps:18378.948
Query time: 27.083290100097656 seconds, QPS:36.92313586362959, cmps:56740.528
---- K2 ----
Query time: 0.048911333084106445 seconds, QPS:20445.159371968668, cmps:246.228
Query time: 0.15705585479736328 seconds, QPS:6367.161550839482, cmps:441.223
Query time: 0.3189871311187744 seconds, QPS:3134.922705165969, cmps:677.179
Query time: 0.6520125865936279 seconds, QPS:1533.712723590807, cmps:1193.844
Query time: 1.8043453693389893 seconds, QPS:554.2176220766115, cmps:3204.325
Query time: 4.0524468421936035 seconds, QPS:246.76449536317583, cmps:7603.266
Query time: 9.729489803314209 seconds, QPS:102.78031224816789, cmps:18394.35
Query time: 27.294578790664673 seconds, QPS:36.63731203435978, cmps:56772.849
---- K4 ----
Query time: 0.04887747764587402 seconds, QPS:20459.32090123752, cmps:246.235
Query time: 0.1581566333770752 seconds, QPS:6322.845767814314, cmps:441.506
Query time: 0.3135707378387451 seconds, QPS:3189.0730840906895, cmps:677.597
Query time: 0.6269545555114746 seconds, QPS:1595.0119370042569, cmps:1194.348
Query time: 1.788400650024414 seconds, QPS:559.1588215908715, cmps:3206.893
Query time: 4.11822247505188 seconds, QPS:242.8232097847998, cmps:7612.729
Query time: 9.61924934387207 seconds, QPS:103.95821589104025, cmps:18414.407
Query time: 26.845276832580566 seconds, QPS:37.2505005717191, cmps:56816.156
